// Jest Snapshot v1, https://goo.gl/fbAQLP

exports[`Layout renders children correctly 1`] = `
<div
  className="sideBarExpanded"
>
  <div
    className="root"
  >
    <div
      className="container"
    >
      Elma Online
    </div>
  </div>
  <div
    className="root expanded"
  >
    <div
      className="container"
    >
      <div
        className="title"
        onClick={[Function]}
        onKeyUp={[Function]}
        role="button"
        tabIndex="0"
      >
        â˜° 
        <span
          className="text"
        >
          Sidebar
        </span>
      </div>
      <div
        className="content"
      >
        <a
          href="/"
          onClick={[Function]}
        >
          Home
        </a>
        <a
          href="/battles"
          onClick={[Function]}
        >
          Battles
        </a>
        <a
          href="/editor"
          onClick={[Function]}
        >
          Editor
        </a>
      </div>
    </div>
  </div>
  <div
    style={
      Object {
        "boxSizing": "border-box",
        "height": "100%",
        "marginTop": -50,
        "paddingTop": 50,
      }
    }
  >
    <div
      className="child"
    />
  </div>
</div>
`;
